../Core/Src/main.c:82:5:main	8	static
../Core/Src/main.c:134:6:SystemClock_Config	88	static
../Core/Src/main.c:183:13:MX_ADC1_Init	24	static
../Core/Src/main.c:250:13:MX_I2C1_Init	8	static
../Core/Src/main.c:284:13:MX_SPI2_Init	8	static
../Core/Src/main.c:322:13:MX_TIM4_Init	32	static
../Core/Src/main.c:367:13:MX_USART2_UART_Init	8	static
../Core/Src/main.c:398:13:MX_DMA_Init	16	static
../Core/Src/main.c:411:13:MX_GPIO_Init	40	static
../Core/Src/main.c:471:6:Error_Handler	4	static,ignoring_inline_asm
